??[44/56] Replayed GameServer.Tactic.LetIntros
warning: GameServer/Tactic/LetIntros.lean:28:32: `Lean.Expr.letFun?` has been deprecated: Use `Lean.Expr.isHave` instead

Note: The updated constant has a different type:
  Expr ??Bool
instead of
  Expr ??Option (Name ? Expr ? Expr ? Expr)
warning: GameServer/Tactic/LetIntros.lean:28:32: `Lean.Expr.letFun?` has been deprecated: Use `Lean.Expr.isHave` instead

Note: The updated constant has a different type:
  Expr ??Bool
instead of
  Expr ??Option (Name ? Expr ? Expr ? Expr)
??[793/797] Building Game.Levels.ComplexNumbers.L01_Basics (45s)
trace: .> LEAN_PATH=C:\Users\ychen\intro-to-complex-analysis\.lake\packages\i18n\.lake\build\lib\lean;C:\Users\ychen\intro-to-complex-analysis\.lake\packages\Cli\.lake\build\lib\lean;C:\Users\ychen\intro-to-complex-analysis\.lake\packages\batteries\.lake\build\lib\lean;C:\Users\ychen\intro-to-complex-analysis\.lake\packages\Qq\.lake\build\lib\lean;C:\Users\ychen\intro-to-complex-analysis\.lake\packages\aesop\.lake\build\lib\lean;C:\Users\ychen\intro-to-complex-analysis\.lake\packages\proofwidgets\.lake\build\lib\lean;C:\Users\ychen\intro-to-complex-analysis\.lake\packages\importGraph\.lake\build\lib\lean;C:\Users\ychen\intro-to-complex-analysis\.lake\packages\LeanSearchClient\.lake\build\lib\lean;C:\Users\ychen\intro-to-complex-analysis\.lake\packages\plausible\.lake\build\lib\lean;C:\Users\ychen\intro-to-complex-analysis\.lake\packages\GameServer\server\.lake\build\lib\lean;C:\Users\ychen\intro-to-complex-analysis\.lake\packages\mathlib\.lake\build\lib\lean;C:\Users\ychen\intro-to-complex-analysis\.lake\build\lib\lean c:\Users\ychen\.elan\toolchains\leanprover--lean4---v4.23.0\bin\lean.exe -Dtrace.debug=false C:\Users\ychen\intro-to-complex-analysis\Game\Levels\ComplexNumbers\L01_Basics.lean -o C:\Users\ychen\intro-to-complex-analysis\.lake\build\lib\lean\Game\Levels\ComplexNumbers\L01_Basics.olean -i C:\Users\ychen\intro-to-complex-analysis\.lake\build\lib\lean\Game\Levels\ComplexNumbers\L01_Basics.ilean -c C:\Users\ychen\intro-to-complex-analysis\.lake\build\ir\Game\Levels\ComplexNumbers\L01_Basics.c --setup C:\Users\ychen\intro-to-complex-analysis\.lake\build\ir\Game\Levels\ComplexNumbers\L01_Basics.setup.json --json
info: Game/Levels/ComplexNumbers/L01_Basics.lean:54:10: Missing Theorem Documentation: BasicsIdentity, used default (e.g. provided docstring) instead. If you want to write a different description, add `TheoremDoc BasicsIdentity` somewhere above this statement.
error: Game/Levels/ComplexNumbers/L01_Basics.lean:58:2: No goals to be solved
error: Lean exited with code 1
??[794/797] Building Game.Levels.ComplexNumbers.L02_Modulus (45s)
trace: .> LEAN_PATH=C:\Users\ychen\intro-to-complex-analysis\.lake\packages\i18n\.lake\build\lib\lean;C:\Users\ychen\intro-to-complex-analysis\.lake\packages\Cli\.lake\build\lib\lean;C:\Users\ychen\intro-to-complex-analysis\.lake\packages\batteries\.lake\build\lib\lean;C:\Users\ychen\intro-to-complex-analysis\.lake\packages\Qq\.lake\build\lib\lean;C:\Users\ychen\intro-to-complex-analysis\.lake\packages\aesop\.lake\build\lib\lean;C:\Users\ychen\intro-to-complex-analysis\.lake\packages\proofwidgets\.lake\build\lib\lean;C:\Users\ychen\intro-to-complex-analysis\.lake\packages\importGraph\.lake\build\lib\lean;C:\Users\ychen\intro-to-complex-analysis\.lake\packages\LeanSearchClient\.lake\build\lib\lean;C:\Users\ychen\intro-to-complex-analysis\.lake\packages\plausible\.lake\build\lib\lean;C:\Users\ychen\intro-to-complex-analysis\.lake\packages\GameServer\server\.lake\build\lib\lean;C:\Users\ychen\intro-to-complex-analysis\.lake\packages\mathlib\.lake\build\lib\lean;C:\Users\ychen\intro-to-complex-analysis\.lake\build\lib\lean c:\Users\ychen\.elan\toolchains\leanprover--lean4---v4.23.0\bin\lean.exe -Dtrace.debug=false C:\Users\ychen\intro-to-complex-analysis\Game\Levels\ComplexNumbers\L02_Modulus.lean -o C:\Users\ychen\intro-to-complex-analysis\.lake\build\lib\lean\Game\Levels\ComplexNumbers\L02_Modulus.olean -i C:\Users\ychen\intro-to-complex-analysis\.lake\build\lib\lean\Game\Levels\ComplexNumbers\L02_Modulus.ilean -c C:\Users\ychen\intro-to-complex-analysis\.lake\build\ir\Game\Levels\ComplexNumbers\L02_Modulus.c --setup C:\Users\ychen\intro-to-complex-analysis\.lake\build\ir\Game\Levels\ComplexNumbers\L02_Modulus.setup.json --json
info: Game/Levels/ComplexNumbers/L02_Modulus.lean:53:10: Missing Theorem Documentation: ModulusProperty, used default (e.g. provided docstring) instead. If you want to write a different description, add `TheoremDoc ModulusProperty` somewhere above this statement.
error: Game/Levels/ComplexNumbers/L02_Modulus.lean:57:2: unsolved goals
z : ????z * (starRingEnd ?? z = ??normSq z)
error: Game/Levels/ComplexNumbers/L02_Modulus.lean:58:2: unexpected identifier; expected command
error: Lean exited with code 1
Some required targets logged failures:
- Game.Levels.ComplexNumbers.L01_Basics
- Game.Levels.ComplexNumbers.L02_Modulus
lake : error: build failed
位於 線路:1 字元:1
+ lake build > build_output.txt 2>&1
+ ~~~~~~~~~~~~~~~~~~~~~~~~~~~~~~~~~~
    + CategoryInfo          : NotSpecified: (error: build failed:String) [], Remote 
   Exception
    + FullyQualifiedErrorId : NativeCommandError
 
